[08Okt.2026 13:42:29.065] [main/INFO] [net.neoforged.fml.startup.Entrypoint/]: JVM Uptime at startup: 98ms
[08Okt.2026 13:42:29.074] [main/INFO] [net.neoforged.fml.loading.FMLLoader/]: Starting FancyModLoader version 11.0.13 (CLIENT in DEV)
[08Okt.2026 13:42:29.075] [main/INFO] [net.neoforged.fml.loading.FMLLoader/]: Game directory: C:\Users\praso\IdeaProjects\JomEnder\run
[08Okt.2026 13:42:29.116] [main/INFO] [net.neoforged.fml.loading.EarlyServiceDiscovery/]: Found 2 early service jars (out of 112) in 20ms
[08Okt.2026 13:42:29.116] [main/INFO] [net.neoforged.fml.loading.FMLLoader/]: Loading FML Early Services:
[08Okt.2026 13:42:29.116] [main/INFO] [net.neoforged.fml.loading.FMLLoader/]:  - C:/Users/praso/.gradle/caches/modules-2/files-2.1/net.neoforged.fancymodloader/earlydisplay/11.0.13/491a1bedecb33802fa118cae384b60f91f6f0241/earlydisplay-11.0.13.jar
[08Okt.2026 13:42:29.117] [main/INFO] [net.neoforged.fml.loading.FMLLoader/]:  - C:/Users/praso/.gradle/caches/modules-2/files-2.1/net.neoforged.fancymodloader/loader/11.0.13/c9c89eaf35535990110088224d188748d81eaecf/loader-11.0.13.jar
[08Okt.2026 13:42:29.120] [main/INFO] [net.neoforged.fml.loading.ImmediateWindowHandler/]: Loading ImmediateWindowProvider fmlearlywindow
[08Okt.2026 13:42:29.507] [ForkJoinPool.commonPool-worker-2/INFO] [net.neoforged.fml.loading.moddiscovery.locators.GameLocator/]: Detected a joined NeoForge and Minecraft configuration. Applying filtering...
[08Okt.2026 13:42:29.550] [ForkJoinPool.commonPool-worker-2/INFO] [net.neoforged.fml.loading.moddiscovery.locators.InDevFolderLocator/CORE]: Got mod coordinates jomender%%C:\Users\praso\IdeaProjects\JomEnder\build\classes\java\main;jomender%%C:\Users\praso\IdeaProjects\JomEnder\build\resources\main from env
[08Okt.2026 13:42:29.559] [fml-loadingscreen/INFO] [net.neoforged.fml.earlydisplay.render.LoadingScreenRenderer/]: GL info: NVIDIA GeForce RTX 5070 Ti/PCIe/SSE2 GL version 3.3.0 NVIDIA 610.88, NVIDIA Corporation
[08Okt.2026 13:42:29.586] [ForkJoinPool.commonPool-worker-2/INFO] [net.neoforged.fml.loading.UniqueModListBuilder/]: Found 2 mod files for modid jade, selecting jade-26.1.10+neoforge.jar as it is the most recent based on version data:
	26.1.10+neoforge from jade-26.1.10+neoforge.jar
	26.1.10+neoforge from Jade-mc26.1-NeoForge-26.1.10.jar
[08Okt.2026 13:42:29.663] [ForkJoinPool.commonPool-worker-2/INFO] [net.neoforged.fml.loading.moddiscovery.locators.JarInJarDependencyLocator/]: Found 2 dependencies adding them to mods collection
[08Okt.2026 13:42:29.664] [ForkJoinPool.commonPool-worker-2/INFO] [net.neoforged.fml.loading.moddiscovery.ModDiscoverer/]: 
     Mod List:
		Name Version (Mod Id)

		Architectury 20.0.4 (architectury)
		Cloth Config v26.1 API 26.1.154 (cloth_config)
		Jade 26.1.10+neoforge (jade)
		JomEnder 1.0-SNAPSHOT (jomender)
		Minecraft 26.1.2 (minecraft)
		NeoForge 26.1.2.39-beta (neoforge)
		Roughly Enough Items (REI) 26.1.819 (roughlyenoughitems)
[08Okt.2026 13:42:29.799] [main/INFO] [mixin/]: SpongePowered MIXIN Subsystem Version=0.8.7 Source=file:/C:/Users/praso/.gradle/caches/modules-2/files-2.1/net.fabricmc/sponge-mixin/0.17.3+mixin.0.8.7/41c4a3984a80f4679e759fb9f495587acc5cdac7/sponge-mixin-0.17.3+mixin.0.8.7.jar Service=FML Env=CLIENT
[08Okt.2026 13:42:29.813] [main/INFO] [net.neoforged.fml.loading.FMLLoader/]: Loading FML Plugins:
[08Okt.2026 13:42:29.813] [main/INFO] [net.neoforged.fml.loading.FMLLoader/]:  - C:/Users/praso/.gradle/caches/modules-2/files-2.1/net.neoforged/neoforge/26.1.2.39-beta/7fb8e4fdb992670af51fba2a5637057296561ef7/neoforge-26.1.2.39-beta-universal.jar > net.neoforged.neoforge-coremods-26.1.2.39-beta.jar
[08Okt.2026 13:42:29.862] [main/INFO] [net.neoforged.fml.loading.FMLLoader/]: Building game content classloader:
 - architectury (jar(mods/architectury-neoforge-20.0.4.jar))
 - cloth_config (jar(mods/cloth-config-26.1.154.jar))
 - jade (jar(C:/Users/praso/.gradle/caches/modules-2/files-2.1/maven.modrinth/jade/26.1.10+neoforge/9bd6f50f88688a2d524763d2362505e412785fc1/jade-26.1.10+neoforge.jar))
 - jomender (composite(folder(C:/Users/praso/IdeaProjects/JomEnder/build/classes/java/main), folder(C:/Users/praso/IdeaProjects/JomEnder/build/resources/main)))
 - minecraft (composite(filtered(jar(C:/Users/praso/IdeaProjects/JomEnder/build/moddev/artifacts/minecraft-patched-26.1.2.39-beta.jar)), filtered(jar(C:/Users/praso/IdeaProjects/JomEnder/build/moddev/artifacts/minecraft-patched-26.1.2.39-beta.jar))))
 - mixinextras.neoforge (jar(C:/Users/praso/.gradle/caches/modules-2/files-2.1/net.neoforged/neoforge/26.1.2.39-beta/7fb8e4fdb992670af51fba2a5637057296561ef7/neoforge-26.1.2.39-beta-universal.jar > mixinextras-neoforge-0.5.4.jar))
 - neoforge (composite(filtered(jar(C:/Users/praso/.gradle/caches/modules-2/files-2.1/net.neoforged/neoforge/26.1.2.39-beta/7fb8e4fdb992670af51fba2a5637057296561ef7/neoforge-26.1.2.39-beta-universal.jar))))
 - net.neoforged.fml.generated (empty(VirtualJar/net.neoforged.fml.generated))
 - roughlyenoughitems (jar(mods/RoughlyEnoughItems-26.1.819.jar))
[08Okt.2026 13:42:29.870] [main/INFO] [net.neoforged.fml.loading.FMLLoader/]: Built game content classloader in 13ms
[08Okt.2026 13:42:29.896] [main/INFO] [mixin/]: Compatibility level set to JAVA_25
[08Okt.2026 13:42:30.646] [Datafixer Bootstrap/INFO] [com.mojang.datafixers.DataFixerBuilder/]: 294 Datafixer optimizations took 147 milliseconds
[08Okt.2026 13:42:30.713] [pool-12-thread-1/INFO] [MixinExtras|Service/]: Initializing MixinExtras via com.llamalad7.mixinextras.service.MixinExtrasServiceImpl(version=0.5.4).
[08Okt.2026 13:42:32.883] [main/WARN] [net.minecraft.commands.Commands/]: Ambiguity between arguments [teleport, location] and [teleport, destination] with inputs: [0.1 -0.5 .9, 0 0 0]
[08Okt.2026 13:42:32.884] [main/WARN] [net.minecraft.commands.Commands/]: Ambiguity between arguments [teleport, location] and [teleport, targets] with inputs: [0.1 -0.5 .9, 0 0 0]
[08Okt.2026 13:42:32.885] [main/WARN] [net.minecraft.commands.Commands/]: Ambiguity between arguments [teleport, destination] and [teleport, targets] with inputs: [Player, 0123, @e, dd12be42-52a9-4a91-a8a1-11c01849e498]
[08Okt.2026 13:42:32.886] [main/WARN] [net.minecraft.commands.Commands/]: Ambiguity between arguments [teleport, targets] and [teleport, destination] with inputs: [Player, 0123, dd12be42-52a9-4a91-a8a1-11c01849e498]
[08Okt.2026 13:42:32.886] [main/WARN] [net.minecraft.commands.Commands/]: Ambiguity between arguments [teleport, targets, location] and [teleport, targets, destination] with inputs: [0.1 -0.5 .9, 0 0 0]
[08Okt.2026 13:42:32.887] [main/WARN] [net.minecraft.commands.Commands/]: Ambiguity between arguments [time, set, time] and [time, set, timemarker] with inputs: [0, 0s, 0d, 0t]
[08Okt.2026 13:42:32.888] [main/WARN] [net.minecraft.commands.Commands/]: Ambiguity between arguments [time, set, timemarker] and [time, set, time] with inputs: [012]
[08Okt.2026 13:42:32.888] [main/WARN] [net.minecraft.commands.Commands/]: Ambiguity between arguments [time, of, clock, set, time] and [time, of, clock, set, timemarker] with inputs: [0, 0s, 0d, 0t]
[08Okt.2026 13:42:32.889] [main/WARN] [net.minecraft.commands.Commands/]: Ambiguity between arguments [time, of, clock, set, timemarker] and [time, of, clock, set, time] with inputs: [012]
[08Okt.2026 13:42:32.889] [main/WARN] [net.minecraft.commands.Commands/]: Ambiguity between arguments [waypoint, modify, waypoint, color, reset] and [waypoint, modify, waypoint, color, color] with inputs: [reset]
[08Okt.2026 13:42:32.926] [modloading-worker-0/INFO] [net.neoforged.neoforge.common.NeoForgeMod/NEOFORGE-MOD]: NeoForge mod loading, version 26.1.2.39-beta, for MC 26.1.2
[08Okt.2026 13:42:32.960] [modloading-worker-0/ERROR] [net.neoforged.neoforge.common.OnlyInWarningsHandler/]: The mod roughlyenoughitems uses the @OnlyIn annotation; the runtime member-stripping behaviour of this annotation is no longer present, which may lead to issues if that behaviour was relied upon
[08Okt.2026 13:42:32.961] [modloading-worker-0/ERROR] [net.neoforged.neoforge.common.OnlyInWarningsHandler/]: @OnlyIn used on class me.shedaniel.rei.api.client.ClientHelper
[08Okt.2026 13:42:32.961] [modloading-worker-0/ERROR] [net.neoforged.neoforge.common.OnlyInWarningsHandler/]: @OnlyIn used on class me.shedaniel.rei.api.client.REIRuntime
[08Okt.2026 13:42:32.961] [modloading-worker-0/ERROR] [net.neoforged.neoforge.common.OnlyInWarningsHandler/]: @OnlyIn used on class me.shedaniel.rei.api.client.config.ConfigManager
[08Okt.2026 13:42:32.961] [modloading-worker-0/ERROR] [net.neoforged.neoforge.common.OnlyInWarningsHandler/]: @OnlyIn used on class me.shedaniel.rei.api.client.config.ConfigObject
[08Okt.2026 13:42:32.961] [modloading-worker-0/ERROR] [net.neoforged.neoforge.common.OnlyInWarningsHandler/]: @OnlyIn used on class me.shedaniel.rei.api.client.entry.filtering.FilteringContext
[08Okt.2026 13:42:32.961] [modloading-worker-0/ERROR] [net.neoforged.neoforge.common.OnlyInWarningsHandler/]: @OnlyIn used on class me.shedaniel.rei.api.client.entry.filtering.FilteringResult
[08Okt.2026 13:42:32.961] [modloading-worker-0/ERROR] [net.neoforged.neoforge.common.OnlyInWarningsHandler/]: @OnlyIn used on class me.shedaniel.rei.api.client.entry.filtering.FilteringRule
[08Okt.2026 13:42:32.961] [modloading-worker-0/ERROR] [net.neoforged.neoforge.common.OnlyInWarningsHandler/]: @OnlyIn used on class me.shedaniel.rei.api.client.entry.filtering.FilteringRuleType
[08Okt.2026 13:42:32.961] [modloading-worker-0/ERROR] [net.neoforged.neoforge.common.OnlyInWarningsHandler/]: @OnlyIn used on class me.shedaniel.rei.api.client.entry.filtering.FilteringRuleTypeRegistry
[08Okt.2026 13:42:32.961] [modloading-worker-0/ERROR] [net.neoforged.neoforge.common.OnlyInWarningsHandler/]: @OnlyIn used on class me.shedaniel.rei.api.client.entry.filtering.base.BasicFilteringRule
[08Okt.2026 13:42:32.961] [modloading-worker-0/ERROR] [net.neoforged.neoforge.common.OnlyInWarningsHandler/]: @OnlyIn used on method me.shedaniel.rei.api.client.entry.renderer.EntryRenderer.getTooltip(Lme/shedaniel/rei/api/common/entry/EntryStack;Lme/shedaniel/rei/api/client/gui/widgets/TooltipContext;)Lme/shedaniel/rei/api/client/gui/widgets/Tooltip;
[08Okt.2026 13:42:32.961] [modloading-worker-0/ERROR] [net.neoforged.neoforge.common.OnlyInWarningsHandler/]: @OnlyIn used on method me.shedaniel.rei.api.client.entry.renderer.EntryRenderer.render(Lme/shedaniel/rei/api/common/entry/EntryStack;Lme/shedaniel/rei/api/client/gui/compat/GuiGraphics;Lme/shedaniel/math/Rectangle;IIF)V
[08Okt.2026 13:42:32.961] [modloading-worker-0/ERROR] [net.neoforged.neoforge.common.OnlyInWarningsHandler/]: @OnlyIn used on class me.shedaniel.rei.api.client.entry.renderer.EntryRenderer
[08Okt.2026 13:42:32.961] [modloading-worker-0/ERROR] [net.neoforged.neoforge.common.OnlyInWarningsHandler/]: @OnlyIn used on class me.shedaniel.rei.api.client.entry.renderer.EntryRendererProvider
[08Okt.2026 13:42:32.961] [modloading-worker-0/ERROR] [net.neoforged.neoforge.common.OnlyInWarningsHandler/]: @OnlyIn used on class me.shedaniel.rei.api.client.entry.type.BuiltinClientEntryTypes
[08Okt.2026 13:42:32.961] [modloading-worker-0/ERROR] [net.neoforged.neoforge.common.OnlyInWarningsHandler/]: @OnlyIn used on class me.shedaniel.rei.api.client.favorites.CompoundFavoriteRenderer
[08Okt.2026 13:42:32.961] [modloading-worker-0/ERROR] [net.neoforged.neoforge.common.OnlyInWarningsHandler/]: @OnlyIn used on class me.shedaniel.rei.api.client.favorites.FavoriteEntry
[08Okt.2026 13:42:32.961] [modloading-worker-0/ERROR] [net.neoforged.neoforge.common.OnlyInWarningsHandler/]: @OnlyIn used on class me.shedaniel.rei.api.client.favorites.FavoriteEntryType
[08Okt.2026 13:42:32.961] [modloading-worker-0/ERROR] [net.neoforged.neoforge.common.OnlyInWarningsHandler/]: @OnlyIn used on class me.shedaniel.rei.api.client.favorites.FavoriteMenuEntry
[08Okt.2026 13:42:32.961] [modloading-worker-0/ERROR] [net.neoforged.neoforge.common.OnlyInWarningsHandler/]: @OnlyIn used on class me.shedaniel.rei.api.client.gui.AbstractContainerEventHandler
[08Okt.2026 13:42:32.961] [modloading-worker-0/ERROR] [net.neoforged.neoforge.common.OnlyInWarningsHandler/]: @OnlyIn used on class me.shedaniel.rei.api.client.gui.DisplayRenderer
[08Okt.2026 13:42:32.961] [modloading-worker-0/ERROR] [net.neoforged.neoforge.common.OnlyInWarningsHandler/]: @OnlyIn used on class me.shedaniel.rei.api.client.gui.DrawableConsumer
[08Okt.2026 13:42:32.961] [modloading-worker-0/ERROR] [net.neoforged.neoforge.common.OnlyInWarningsHandler/]: @OnlyIn used on method me.shedaniel.rei.api.client.gui.Renderer.getTooltip(Lme/shedaniel/rei/api/client/gui/widgets/TooltipContext;)Lme/shedaniel/rei/api/client/gui/widgets/Tooltip;
[08Okt.2026 13:42:32.961] [modloading-worker-0/ERROR] [net.neoforged.neoforge.common.OnlyInWarningsHandler/]: @OnlyIn used on method me.shedaniel.rei.api.client.gui.Renderer.render(Lme/shedaniel/rei/api/client/gui/compat/GuiGraphics;Lme/shedaniel/math/Rectangle;IIF)V
[08Okt.2026 13:42:32.961] [modloading-worker-0/ERROR] [net.neoforged.neoforge.common.OnlyInWarningsHandler/]: @OnlyIn used on class me.shedaniel.rei.api.client.gui.config.AppearanceTheme
[08Okt.2026 13:42:32.961] [modloading-worker-0/ERROR] [net.neoforged.neoforge.common.OnlyInWarningsHandler/]: @OnlyIn used on class me.shedaniel.rei.api.client.gui.config.ConfigButtonPosition
[08Okt.2026 13:42:32.961] [modloading-worker-0/ERROR] [net.neoforged.neoforge.common.OnlyInWarningsHandler/]: @OnlyIn used on class me.shedaniel.rei.api.client.gui.config.DisplayPanelLocation
[08Okt.2026 13:42:32.961] [modloading-worker-0/ERROR] [net.neoforged.neoforge.common.OnlyInWarningsHandler/]: @OnlyIn used on class me.shedaniel.rei.api.client.gui.config.DisplayScreenType
[08Okt.2026 13:42:32.961] [modloading-worker-0/ERROR] [net.neoforged.neoforge.common.OnlyInWarningsHandler/]: @OnlyIn used on class me.shedaniel.rei.api.client.gui.config.EntryPanelOrderingConfig
[08Okt.2026 13:42:32.961] [modloading-worker-0/ERROR] [net.neoforged.neoforge.common.OnlyInWarningsHandler/]: @OnlyIn used on class me.shedaniel.rei.api.client.gui.config.ItemCheatingMode
[08Okt.2026 13:42:32.961] [modloading-worker-0/ERROR] [net.neoforged.neoforge.common.OnlyInWarningsHandler/]: @OnlyIn used on class me.shedaniel.rei.api.client.gui.config.ItemCheatingStyle
[08Okt.2026 13:42:32.961] [modloading-worker-0/ERROR] [net.neoforged.neoforge.common.OnlyInWarningsHandler/]: @OnlyIn used on class me.shedaniel.rei.api.client.gui.config.RecipeBorderType
[08Okt.2026 13:42:32.961] [modloading-worker-0/ERROR] [net.neoforged.neoforge.common.OnlyInWarningsHandler/]: @OnlyIn used on class me.shedaniel.rei.api.client.gui.config.SearchFieldLocation
[08Okt.2026 13:42:32.961] [modloading-worker-0/ERROR] [net.neoforged.neoforge.common.OnlyInWarningsHandler/]: @OnlyIn used on class me.shedaniel.rei.api.client.gui.config.SearchMode
[08Okt.2026 13:42:32.961] [modloading-worker-0/ERROR] [net.neoforged.neoforge.common.OnlyInWarningsHandler/]: @OnlyIn used on class me.shedaniel.rei.api.client.gui.config.SyntaxHighlightingMode
[08Okt.2026 13:42:32.961] [modloading-worker-0/ERROR] [net.neoforged.neoforge.common.OnlyInWarningsHandler/]: @OnlyIn used on class me.shedaniel.rei.api.client.gui.widgets.Tooltip
[08Okt.2026 13:42:32.961] [modloading-worker-0/ERROR] [net.neoforged.neoforge.common.OnlyInWarningsHandler/]: @OnlyIn used on class me.shedaniel.rei.api.client.gui.widgets.TooltipContext
[08Okt.2026 13:42:32.961] [modloading-worker-0/ERROR] [net.neoforged.neoforge.common.OnlyInWarningsHandler/]: @OnlyIn used on class me.shedaniel.rei.api.client.gui.widgets.Widget
[08Okt.2026 13:42:32.961] [modloading-worker-0/ERROR] [net.neoforged.neoforge.common.OnlyInWarningsHandler/]: @OnlyIn used on class me.shedaniel.rei.api.client.gui.widgets.Widgets
[08Okt.2026 13:42:32.961] [modloading-worker-0/ERROR] [net.neoforged.neoforge.common.OnlyInWarningsHandler/]: @OnlyIn used on class me.shedaniel.rei.api.client.overlay.OverlayListWidget
[08Okt.2026 13:42:32.961] [modloading-worker-0/ERROR] [net.neoforged.neoforge.common.OnlyInWarningsHandler/]: @OnlyIn used on class me.shedaniel.rei.api.client.overlay.ScreenOverlay
[08Okt.2026 13:42:32.961] [modloading-worker-0/ERROR] [net.neoforged.neoforge.common.OnlyInWarningsHandler/]: @OnlyIn used on class me.shedaniel.rei.api.client.plugins.REIClientPlugin
[08Okt.2026 13:42:32.961] [modloading-worker-0/ERROR] [net.neoforged.neoforge.common.OnlyInWarningsHandler/]: @OnlyIn used on class me.shedaniel.rei.api.client.registry.category.ButtonArea
[08Okt.2026 13:42:32.961] [modloading-worker-0/ERROR] [net.neoforged.neoforge.common.OnlyInWarningsHandler/]: @OnlyIn used on class me.shedaniel.rei.api.client.registry.category.CategoryRegistry
[08Okt.2026 13:42:32.961] [modloading-worker-0/ERROR] [net.neoforged.neoforge.common.OnlyInWarningsHandler/]: @OnlyIn used on class me.shedaniel.rei.api.client.registry.category.extension.CategoryExtensionProvider
[08Okt.2026 13:42:32.961] [modloading-worker-0/ERROR] [net.neoforged.neoforge.common.OnlyInWarningsHandler/]: @OnlyIn used on class me.shedaniel.rei.api.client.registry.category.visibility.CategoryVisibilityPredicate
[08Okt.2026 13:42:32.961] [modloading-worker-0/ERROR] [net.neoforged.neoforge.common.OnlyInWarningsHandler/]: @OnlyIn used on class me.shedaniel.rei.api.client.registry.display.DisplayCategory
[08Okt.2026 13:42:32.961] [modloading-worker-0/ERROR] [net.neoforged.neoforge.common.OnlyInWarningsHandler/]: @OnlyIn used on class me.shedaniel.rei.api.client.registry.display.DisplayRegistry
[08Okt.2026 13:42:32.961] [modloading-worker-0/ERROR] [net.neoforged.neoforge.common.OnlyInWarningsHandler/]: @OnlyIn used on class me.shedaniel.rei.api.client.registry.display.DynamicDisplayGenerator
[08Okt.2026 13:42:32.961] [modloading-worker-0/ERROR] [net.neoforged.neoforge.common.OnlyInWarningsHandler/]: @OnlyIn used on class me.shedaniel.rei.api.client.registry.display.visibility.DisplayVisibilityPredicate
[08Okt.2026 13:42:32.961] [modloading-worker-0/ERROR] [net.neoforged.neoforge.common.OnlyInWarningsHandler/]: @OnlyIn used on class me.shedaniel.rei.api.client.registry.entry.EntryRegistry
[08Okt.2026 13:42:32.961] [modloading-worker-0/ERROR] [net.neoforged.neoforge.common.OnlyInWarningsHandler/]: @OnlyIn used on class me.shedaniel.rei.api.client.registry.screen.ClickArea
[08Okt.2026 13:42:32.961] [modloading-worker-0/ERROR] [net.neoforged.neoforge.common.OnlyInWarningsHandler/]: @OnlyIn used on class me.shedaniel.rei.api.client.registry.screen.DisplayBoundsProvider
[08Okt.2026 13:42:32.961] [modloading-worker-0/ERROR] [net.neoforged.neoforge.common.OnlyInWarningsHandler/]: @OnlyIn used on class me.shedaniel.rei.api.client.registry.screen.ExclusionZones
[08Okt.2026 13:42:32.961] [modloading-worker-0/ERROR] [net.neoforged.neoforge.common.OnlyInWarningsHandler/]: @OnlyIn used on class me.shedaniel.rei.api.client.registry.screen.ExclusionZonesProvider
[08Okt.2026 13:42:32.961] [modloading-worker-0/ERROR] [net.neoforged.neoforge.common.OnlyInWarningsHandler/]: @OnlyIn used on class me.shedaniel.rei.api.client.registry.screen.FocusedStackProvider
[08Okt.2026 13:42:32.961] [modloading-worker-0/ERROR] [net.neoforged.neoforge.common.OnlyInWarningsHandler/]: @OnlyIn used on class me.shedaniel.rei.api.client.registry.screen.OverlayDecider
[08Okt.2026 13:42:32.961] [modloading-worker-0/ERROR] [net.neoforged.neoforge.common.OnlyInWarningsHandler/]: @OnlyIn used on class me.shedaniel.rei.api.client.registry.screen.ScreenRegistry
[08Okt.2026 13:42:32.961] [modloading-worker-0/ERROR] [net.neoforged.neoforge.common.OnlyInWarningsHandler/]: @OnlyIn used on class me.shedaniel.rei.api.client.registry.screen.SimpleClickArea
[08Okt.2026 13:42:32.961] [modloading-worker-0/ERROR] [net.neoforged.neoforge.common.OnlyInWarningsHandler/]: @OnlyIn used on method me.shedaniel.rei.api.client.registry.transfer.TransferHandler$Result.getTooltipRenderer()Ljava/util/function/BiConsumer;
[08Okt.2026 13:42:32.961] [modloading-worker-0/ERROR] [net.neoforged.neoforge.common.OnlyInWarningsHandler/]: @OnlyIn used on method me.shedaniel.rei.api.client.registry.transfer.TransferHandler$Result.getRenderer(Lme/shedaniel/rei/api/client/registry/transfer/TransferHandler;Lme/shedaniel/rei/api/client/registry/transfer/TransferHandler$Context;)Lme/shedaniel/rei/api/client/registry/transfer/TransferHandlerRenderer;
[08Okt.2026 13:42:32.961] [modloading-worker-0/ERROR] [net.neoforged.neoforge.common.OnlyInWarningsHandler/]: @OnlyIn used on class me.shedaniel.rei.api.client.registry.transfer.TransferHandler
[08Okt.2026 13:42:32.961] [modloading-worker-0/ERROR] [net.neoforged.neoforge.common.OnlyInWarningsHandler/]: @OnlyIn used on class me.shedaniel.rei.api.client.search.SearchFilter
[08Okt.2026 13:42:32.961] [modloading-worker-0/ERROR] [net.neoforged.neoforge.common.OnlyInWarningsHandler/]: @OnlyIn used on class me.shedaniel.rei.api.client.search.SearchProvider
[08Okt.2026 13:42:32.961] [modloading-worker-0/ERROR] [net.neoforged.neoforge.common.OnlyInWarningsHandler/]: @OnlyIn used on class me.shedaniel.rei.api.client.subsets.SubsetsRegistry
[08Okt.2026 13:42:32.961] [modloading-worker-0/ERROR] [net.neoforged.neoforge.common.OnlyInWarningsHandler/]: @OnlyIn used on class me.shedaniel.rei.api.client.util.SpriteRenderer
[08Okt.2026 13:42:32.961] [modloading-worker-0/ERROR] [net.neoforged.neoforge.common.OnlyInWarningsHandler/]: @OnlyIn used on field me.shedaniel.rei.api.common.entry.EntryStack$Settings.FLUID_RENDER_RATIO
[08Okt.2026 13:42:32.962] [modloading-worker-0/ERROR] [net.neoforged.neoforge.common.OnlyInWarningsHandler/]: @OnlyIn used on field me.shedaniel.rei.api.common.entry.EntryStack$Settings.FLUID_AMOUNT_VISIBLE
[08Okt.2026 13:42:32.962] [modloading-worker-0/ERROR] [net.neoforged.neoforge.common.OnlyInWarningsHandler/]: @OnlyIn used on field me.shedaniel.rei.api.common.entry.EntryStack$Settings.TOOLTIP_APPEND_EXTRA
[08Okt.2026 13:42:32.962] [modloading-worker-0/ERROR] [net.neoforged.neoforge.common.OnlyInWarningsHandler/]: @OnlyIn used on field me.shedaniel.rei.api.common.entry.EntryStack$Settings.CONTAINING_NS
[08Okt.2026 13:42:32.962] [modloading-worker-0/ERROR] [net.neoforged.neoforge.common.OnlyInWarningsHandler/]: @OnlyIn used on field me.shedaniel.rei.api.common.entry.EntryStack$Settings.TOOLTIP_PROCESSOR
[08Okt.2026 13:42:32.962] [modloading-worker-0/ERROR] [net.neoforged.neoforge.common.OnlyInWarningsHandler/]: @OnlyIn used on field me.shedaniel.rei.api.common.entry.EntryStack$Settings.RENDERER
[08Okt.2026 13:42:32.962] [modloading-worker-0/ERROR] [net.neoforged.neoforge.common.OnlyInWarningsHandler/]: @OnlyIn used on method me.shedaniel.rei.api.common.entry.EntryStack.withRenderer(Ljava/util/function/Function;)Lme/shedaniel/rei/api/common/entry/EntryStack;
[08Okt.2026 13:42:32.962] [modloading-worker-0/ERROR] [net.neoforged.neoforge.common.OnlyInWarningsHandler/]: @OnlyIn used on method me.shedaniel.rei.api.common.entry.EntryStack.withRenderer(Lme/shedaniel/rei/api/client/entry/renderer/EntryRenderer;)Lme/shedaniel/rei/api/common/entry/EntryStack;
[08Okt.2026 13:42:32.962] [modloading-worker-0/ERROR] [net.neoforged.neoforge.common.OnlyInWarningsHandler/]: @OnlyIn used on method me.shedaniel.rei.api.common.entry.EntryStack.tooltipProcessor(Ljava/util/function/BiFunction;)Lme/shedaniel/rei/api/common/entry/EntryStack;
[08Okt.2026 13:42:32.962] [modloading-worker-0/ERROR] [net.neoforged.neoforge.common.OnlyInWarningsHandler/]: @OnlyIn used on method me.shedaniel.rei.api.common.entry.EntryStack.tooltip(Ljava/util/function/Function;)Lme/shedaniel/rei/api/common/entry/EntryStack;
[08Okt.2026 13:42:32.962] [modloading-worker-0/ERROR] [net.neoforged.neoforge.common.OnlyInWarningsHandler/]: @OnlyIn used on method me.shedaniel.rei.api.common.entry.EntryStack.tooltip(Ljava/util/List;)Lme/shedaniel/rei/api/common/entry/EntryStack;
[08Okt.2026 13:42:32.962] [modloading-worker-0/ERROR] [net.neoforged.neoforge.common.OnlyInWarningsHandler/]: @OnlyIn used on method me.shedaniel.rei.api.common.entry.EntryStack.tooltip([Lnet/minecraft/network/chat/Component;)Lme/shedaniel/rei/api/common/entry/EntryStack;
[08Okt.2026 13:42:32.962] [modloading-worker-0/ERROR] [net.neoforged.neoforge.common.OnlyInWarningsHandler/]: @OnlyIn used on method me.shedaniel.rei.api.common.entry.EntryStack.getRenderer()Lme/shedaniel/rei/api/client/entry/renderer/EntryRenderer;
[08Okt.2026 13:42:32.962] [modloading-worker-0/ERROR] [net.neoforged.neoforge.common.OnlyInWarningsHandler/]: @OnlyIn used on method me.shedaniel.rei.api.common.entry.EntryStack.getTooltip(Lme/shedaniel/rei/api/client/gui/widgets/TooltipContext;Z)Lme/shedaniel/rei/api/client/gui/widgets/Tooltip;
[08Okt.2026 13:42:32.962] [modloading-worker-0/ERROR] [net.neoforged.neoforge.common.OnlyInWarningsHandler/]: @OnlyIn used on method me.shedaniel.rei.api.common.entry.type.EntryDefinition.getRenderer()Lme/shedaniel/rei/api/client/entry/renderer/EntryRenderer;
[08Okt.2026 13:42:32.962] [modloading-worker-0/ERROR] [net.neoforged.neoforge.common.OnlyInWarningsHandler/]: @OnlyIn used on method me.shedaniel.rei.api.common.plugins.PluginManager.getClientInstance()Lme/shedaniel/rei/api/common/plugins/PluginManager;
[08Okt.2026 13:42:32.962] [modloading-worker-0/ERROR] [net.neoforged.neoforge.common.OnlyInWarningsHandler/]: @OnlyIn used on method me.shedaniel.rei.api.common.plugins.PluginView.getClientInstance()Lme/shedaniel/rei/api/common/plugins/PluginView;
[08Okt.2026 13:42:32.962] [modloading-worker-0/ERROR] [net.neoforged.neoforge.common.OnlyInWarningsHandler/]: @OnlyIn used on class me.shedaniel.rei.impl.ClientInternals$WidgetsProvider
[08Okt.2026 13:42:32.962] [modloading-worker-0/ERROR] [net.neoforged.neoforge.common.OnlyInWarningsHandler/]: @OnlyIn used on method me.shedaniel.rei.impl.common.InternalRegistryAccess.getFromClient()Lnet/minecraft/core/RegistryAccess;
[08Okt.2026 13:42:32.962] [modloading-worker-0/ERROR] [net.neoforged.neoforge.common.OnlyInWarningsHandler/]: @OnlyIn used on class me.shedaniel.rei.RoughlyEnoughItemsCoreClient
[08Okt.2026 13:42:32.962] [modloading-worker-0/ERROR] [net.neoforged.neoforge.common.OnlyInWarningsHandler/]: @OnlyIn used on class me.shedaniel.rei.impl.client.ClientHelperImpl
[08Okt.2026 13:42:32.962] [modloading-worker-0/ERROR] [net.neoforged.neoforge.common.OnlyInWarningsHandler/]: @OnlyIn used on class me.shedaniel.rei.impl.client.REIRuntimeImpl
[08Okt.2026 13:42:32.962] [modloading-worker-0/ERROR] [net.neoforged.neoforge.common.OnlyInWarningsHandler/]: @OnlyIn used on class me.shedaniel.rei.impl.client.config.ConfigManagerImpl
[08Okt.2026 13:42:32.962] [modloading-worker-0/ERROR] [net.neoforged.neoforge.common.OnlyInWarningsHandler/]: @OnlyIn used on class me.shedaniel.rei.impl.client.config.ConfigObjectImpl
[08Okt.2026 13:42:32.962] [modloading-worker-0/ERROR] [net.neoforged.neoforge.common.OnlyInWarningsHandler/]: @OnlyIn used on class me.shedaniel.rei.impl.client.config.FavoritesConfigManager$FavoritesConfigObject
[08Okt.2026 13:42:32.962] [modloading-worker-0/ERROR] [net.neoforged.neoforge.common.OnlyInWarningsHandler/]: @OnlyIn used on class me.shedaniel.rei.impl.client.config.collapsible.CollapsibleConfigManager$CollapsibleConfigObject
[08Okt.2026 13:42:32.962] [modloading-worker-0/ERROR] [net.neoforged.neoforge.common.OnlyInWarningsHandler/]: @OnlyIn used on class me.shedaniel.rei.impl.client.entry.filtering.FilteringContextImpl
[08Okt.2026 13:42:32.962] [modloading-worker-0/ERROR] [net.neoforged.neoforge.common.OnlyInWarningsHandler/]: @OnlyIn used on class me.shedaniel.rei.impl.client.entry.filtering.FilteringResultImpl
[08Okt.2026 13:42:32.962] [modloading-worker-0/ERROR] [net.neoforged.neoforge.common.OnlyInWarningsHandler/]: @OnlyIn used on class me.shedaniel.rei.impl.client.entry.filtering.rules.SearchFilteringRule
[08Okt.2026 13:42:32.962] [modloading-worker-0/ERROR] [net.neoforged.neoforge.common.OnlyInWarningsHandler/]: @OnlyIn used on class me.shedaniel.rei.impl.client.entry.type.types.RenderingEntryDefinition
[08Okt.2026 13:42:32.962] [modloading-worker-0/ERROR] [net.neoforged.neoforge.common.OnlyInWarningsHandler/]: @OnlyIn used on class me.shedaniel.rei.impl.client.gui.hints.HintProvider
[08Okt.2026 13:42:32.962] [modloading-worker-0/ERROR] [net.neoforged.neoforge.common.OnlyInWarningsHandler/]: @OnlyIn used on class me.shedaniel.rei.impl.client.gui.performance.DisplayRegistryInfoScreen
[08Okt.2026 13:42:32.962] [modloading-worker-0/ERROR] [net.neoforged.neoforge.common.OnlyInWarningsHandler/]: @OnlyIn used on class me.shedaniel.rei.impl.client.gui.performance.PerformanceScreen
[08Okt.2026 13:42:32.962] [modloading-worker-0/ERROR] [net.neoforged.neoforge.common.OnlyInWarningsHandler/]: @OnlyIn used on class me.shedaniel.rei.impl.client.gui.performance.entry.PerformanceEntryImpl
[08Okt.2026 13:42:32.962] [modloading-worker-0/ERROR] [net.neoforged.neoforge.common.OnlyInWarningsHandler/]: @OnlyIn used on class me.shedaniel.rei.impl.client.gui.performance.entry.SubCategoryListEntry
[08Okt.2026 13:42:32.962] [modloading-worker-0/ERROR] [net.neoforged.neoforge.common.OnlyInWarningsHandler/]: @OnlyIn used on class me.shedaniel.rei.impl.client.gui.widget.DynamicErrorFreeEntryListWidget$Entries
[08Okt.2026 13:42:32.962] [modloading-worker-0/ERROR] [net.neoforged.neoforge.common.OnlyInWarningsHandler/]: @OnlyIn used on class me.shedaniel.rei.impl.client.gui.widget.DynamicErrorFreeEntryListWidget$Entry
[08Okt.2026 13:42:32.962] [modloading-worker-0/ERROR] [net.neoforged.neoforge.common.OnlyInWarningsHandler/]: @OnlyIn used on class me.shedaniel.rei.impl.client.gui.widget.DynamicErrorFreeEntryListWidget
[08Okt.2026 13:42:32.962] [modloading-worker-0/ERROR] [net.neoforged.neoforge.common.OnlyInWarningsHandler/]: @OnlyIn used on class me.shedaniel.rei.impl.client.gui.widget.InternalWidgets
[08Okt.2026 13:42:32.963] [modloading-worker-0/ERROR] [net.neoforged.neoforge.common.OnlyInWarningsHandler/]: @OnlyIn used on class me.shedaniel.rei.impl.client.gui.widget.QueuedTooltip
[08Okt.2026 13:42:32.963] [modloading-worker-0/ERROR] [net.neoforged.neoforge.common.OnlyInWarningsHandler/]: @OnlyIn used on class me.shedaniel.rei.impl.client.registry.screen.ExclusionZonesImpl
[08Okt.2026 13:42:32.963] [modloading-worker-0/ERROR] [net.neoforged.neoforge.common.OnlyInWarningsHandler/]: @OnlyIn used on class me.shedaniel.rei.impl.client.registry.screen.ScreenRegistryImpl
[08Okt.2026 13:42:32.963] [modloading-worker-0/ERROR] [net.neoforged.neoforge.common.OnlyInWarningsHandler/]: @OnlyIn used on class me.shedaniel.rei.impl.client.search.argument.Argument
[08Okt.2026 13:42:32.963] [modloading-worker-0/ERROR] [net.neoforged.neoforge.common.OnlyInWarningsHandler/]: @OnlyIn used on class me.shedaniel.rei.impl.client.search.argument.type.AlwaysMatchingArgumentType
[08Okt.2026 13:42:32.963] [modloading-worker-0/ERROR] [net.neoforged.neoforge.common.OnlyInWarningsHandler/]: @OnlyIn used on class me.shedaniel.rei.impl.client.search.argument.type.ArgumentType
[08Okt.2026 13:42:32.963] [modloading-worker-0/ERROR] [net.neoforged.neoforge.common.OnlyInWarningsHandler/]: @OnlyIn used on class me.shedaniel.rei.impl.client.search.argument.type.IdentifierArgumentType
[08Okt.2026 13:42:32.963] [modloading-worker-0/ERROR] [net.neoforged.neoforge.common.OnlyInWarningsHandler/]: @OnlyIn used on class me.shedaniel.rei.impl.client.search.argument.type.ModArgumentType
[08Okt.2026 13:42:32.963] [modloading-worker-0/ERROR] [net.neoforged.neoforge.common.OnlyInWarningsHandler/]: @OnlyIn used on class me.shedaniel.rei.impl.client.search.argument.type.RegexArgumentType
[08Okt.2026 13:42:32.963] [modloading-worker-0/ERROR] [net.neoforged.neoforge.common.OnlyInWarningsHandler/]: @OnlyIn used on class me.shedaniel.rei.impl.client.search.argument.type.TagArgumentType
[08Okt.2026 13:42:32.963] [modloading-worker-0/ERROR] [net.neoforged.neoforge.common.OnlyInWarningsHandler/]: @OnlyIn used on class me.shedaniel.rei.impl.client.search.argument.type.TextArgumentType
[08Okt.2026 13:42:32.963] [modloading-worker-0/ERROR] [net.neoforged.neoforge.common.OnlyInWarningsHandler/]: @OnlyIn used on class me.shedaniel.rei.impl.client.search.argument.type.TooltipArgumentType
[08Okt.2026 13:42:32.963] [modloading-worker-0/ERROR] [net.neoforged.neoforge.common.OnlyInWarningsHandler/]: @OnlyIn used on class me.shedaniel.rei.impl.client.subsets.SubsetsRegistryImpl
[08Okt.2026 13:42:32.963] [modloading-worker-0/ERROR] [net.neoforged.neoforge.common.OnlyInWarningsHandler/]: @OnlyIn used on class me.shedaniel.rei.impl.common.entry.DeferringEntryTypeProviderImpl$1RenderType
[08Okt.2026 13:42:32.963] [modloading-worker-0/ERROR] [net.neoforged.neoforge.common.OnlyInWarningsHandler/]: @OnlyIn used on method me.shedaniel.rei.impl.common.entry.DeferringEntryTypeProviderImpl.renderingType(Lnet/minecraft/resources/Identifier;)Lme/shedaniel/rei/api/common/entry/type/EntryType;
[08Okt.2026 13:42:32.963] [modloading-worker-0/ERROR] [net.neoforged.neoforge.common.OnlyInWarningsHandler/]: @OnlyIn used on field me.shedaniel.rei.impl.common.entry.DeferringEntryTypeProviderImpl.render
[08Okt.2026 13:42:32.963] [modloading-worker-0/ERROR] [net.neoforged.neoforge.common.OnlyInWarningsHandler/]: @OnlyIn used on class me.shedaniel.rei.impl.common.entry.type.EntryRegistryImpl
[08Okt.2026 13:42:32.963] [modloading-worker-0/ERROR] [net.neoforged.neoforge.common.OnlyInWarningsHandler/]: @OnlyIn used on method me.shedaniel.rei.impl.common.entry.type.types.BuiltinEntryDefinition.getRenderer()Lme/shedaniel/rei/api/client/entry/renderer/EntryRenderer;
[08Okt.2026 13:42:32.963] [modloading-worker-0/ERROR] [net.neoforged.neoforge.common.OnlyInWarningsHandler/]: @OnlyIn used on field me.shedaniel.rei.impl.common.entry.type.types.BuiltinEntryDefinition.renderer
[08Okt.2026 13:42:32.963] [modloading-worker-0/ERROR] [net.neoforged.neoforge.common.OnlyInWarningsHandler/]: @OnlyIn used on class me.shedaniel.rei.impl.common.entry.type.types.EmptyEntryDefinition$EmptyRenderer
[08Okt.2026 13:42:32.963] [modloading-worker-0/ERROR] [net.neoforged.neoforge.common.OnlyInWarningsHandler/]: @OnlyIn used on method me.shedaniel.rei.impl.common.networking.DisplaySyncPacket.handle(Ldev/architectury/networking/NetworkManager$PacketContext;)V
[08Okt.2026 13:42:32.963] [modloading-worker-0/ERROR] [net.neoforged.neoforge.common.OnlyInWarningsHandler/]: @OnlyIn used on method me.shedaniel.rei.impl.common.plugins.ReloadManagerImpl.usesREIThreadClient()Z
[08Okt.2026 13:42:32.963] [modloading-worker-0/ERROR] [net.neoforged.neoforge.common.OnlyInWarningsHandler/]: @OnlyIn used on class me.shedaniel.rei.impl.common.util.HashedEntryStackWrapper
[08Okt.2026 13:42:32.963] [modloading-worker-0/ERROR] [net.neoforged.neoforge.common.OnlyInWarningsHandler/]: @OnlyIn used on method me.shedaniel.rei.impl.common.util.InstanceHelper.recipeAccessFromClient()Lnet/minecraft/world/item/crafting/RecipeAccess;
[08Okt.2026 13:42:32.963] [modloading-worker-0/ERROR] [net.neoforged.neoforge.common.OnlyInWarningsHandler/]: @OnlyIn used on method me.shedaniel.rei.impl.common.util.InstanceHelper.registryAccessFromClient()Lnet/minecraft/core/RegistryAccess;
[08Okt.2026 13:42:32.963] [modloading-worker-0/ERROR] [net.neoforged.neoforge.common.OnlyInWarningsHandler/]: @OnlyIn used on method me.shedaniel.rei.impl.common.util.InstanceHelper.connectionFromClient()Lnet/minecraft/client/multiplayer/ClientPacketListener;
[08Okt.2026 13:42:32.963] [modloading-worker-0/ERROR] [net.neoforged.neoforge.common.OnlyInWarningsHandler/]: @OnlyIn used on class me.shedaniel.rei.plugin.client.entry.FluidEntryDefinition$Client
[08Okt.2026 13:42:32.963] [modloading-worker-0/ERROR] [net.neoforged.neoforge.common.OnlyInWarningsHandler/]: @OnlyIn used on class me.shedaniel.rei.plugin.client.entry.FluidEntryDefinition$FluidEntryRenderer
[08Okt.2026 13:42:32.963] [modloading-worker-0/ERROR] [net.neoforged.neoforge.common.OnlyInWarningsHandler/]: @OnlyIn used on method me.shedaniel.rei.plugin.client.entry.FluidEntryDefinition.getRenderer()Lme/shedaniel/rei/api/client/entry/renderer/EntryRenderer;
[08Okt.2026 13:42:32.963] [modloading-worker-0/ERROR] [net.neoforged.neoforge.common.OnlyInWarningsHandler/]: @OnlyIn used on field me.shedaniel.rei.plugin.client.entry.FluidEntryDefinition.renderer
[08Okt.2026 13:42:32.963] [modloading-worker-0/ERROR] [net.neoforged.neoforge.common.OnlyInWarningsHandler/]: @OnlyIn used on class me.shedaniel.rei.plugin.client.entry.ItemEntryDefinition$Client
[08Okt.2026 13:42:32.963] [modloading-worker-0/ERROR] [net.neoforged.neoforge.common.OnlyInWarningsHandler/]: @OnlyIn used on class me.shedaniel.rei.plugin.client.entry.ItemEntryDefinition$ItemEntryRenderer
[08Okt.2026 13:42:32.963] [modloading-worker-0/ERROR] [net.neoforged.neoforge.common.OnlyInWarningsHandler/]: @OnlyIn used on method me.shedaniel.rei.plugin.client.entry.ItemEntryDefinition.tryGetItemStackToolTip(Lme/shedaniel/rei/api/common/entry/EntryStack;Lnet/minecraft/world/item/ItemStack;Lme/shedaniel/rei/api/client/gui/widgets/TooltipContext;)Ljava/util/List;
[08Okt.2026 13:42:32.963] [modloading-worker-0/ERROR] [net.neoforged.neoforge.common.OnlyInWarningsHandler/]: @OnlyIn used on method me.shedaniel.rei.plugin.client.entry.ItemEntryDefinition.getRenderer()Lme/shedaniel/rei/api/client/entry/renderer/EntryRenderer;
[08Okt.2026 13:42:32.963] [modloading-worker-0/ERROR] [net.neoforged.neoforge.common.OnlyInWarningsHandler/]: @OnlyIn used on field me.shedaniel.rei.plugin.client.entry.ItemEntryDefinition.renderer
[08Okt.2026 13:42:32.963] [modloading-worker-0/ERROR] [net.neoforged.neoforge.common.OnlyInWarningsHandler/]: @OnlyIn used on class me.shedaniel.rei.plugin.client.runtime.DefaultClientRuntimePlugin
[08Okt.2026 13:42:32.963] [modloading-worker-0/ERROR] [net.neoforged.neoforge.common.OnlyInWarningsHandler/]: @OnlyIn used on class me.shedaniel.rei.plugin.client.runtime.HideIngredientsFromTagsPlugin
[08Okt.2026 13:42:32.963] [modloading-worker-0/ERROR] [net.neoforged.neoforge.common.OnlyInWarningsHandler/]: @OnlyIn used on class me.shedaniel.rei.plugin.test.REITestPlugin
[08Okt.2026 13:42:32.963] [modloading-worker-0/ERROR] [net.neoforged.neoforge.common.OnlyInWarningsHandler/]: @OnlyIn used on class me.shedaniel.rei.plugin.autocrafting.recipebook.DefaultRecipeBookHandler
[08Okt.2026 13:42:32.963] [modloading-worker-0/ERROR] [net.neoforged.neoforge.common.OnlyInWarningsHandler/]: @OnlyIn used on class me.shedaniel.rei.plugin.client.DefaultClientPlugin
[08Okt.2026 13:42:32.963] [modloading-worker-0/ERROR] [net.neoforged.neoforge.common.OnlyInWarningsHandler/]: @OnlyIn used on class me.shedaniel.rei.plugin.client.categories.DefaultBrewingCategory
[08Okt.2026 13:42:32.963] [modloading-worker-0/ERROR] [net.neoforged.neoforge.common.OnlyInWarningsHandler/]: @OnlyIn used on class me.shedaniel.rei.plugin.client.categories.DefaultCompostingCategory
[08Okt.2026 13:42:32.963] [modloading-worker-0/ERROR] [net.neoforged.neoforge.common.OnlyInWarningsHandler/]: @OnlyIn used on class me.shedaniel.rei.plugin.client.categories.DefaultFuelCategory
[08Okt.2026 13:42:32.963] [modloading-worker-0/ERROR] [net.neoforged.neoforge.common.OnlyInWarningsHandler/]: @OnlyIn used on class me.shedaniel.rei.plugin.client.categories.DefaultInformationCategory
[08Okt.2026 13:42:32.963] [modloading-worker-0/ERROR] [net.neoforged.neoforge.common.OnlyInWarningsHandler/]: @OnlyIn used on class me.shedaniel.rei.plugin.client.categories.cooking.DefaultCookingCategory
[08Okt.2026 13:42:32.963] [modloading-worker-0/ERROR] [net.neoforged.neoforge.common.OnlyInWarningsHandler/]: @OnlyIn used on class me.shedaniel.rei.plugin.client.categories.crafting.DefaultCraftingCategory
[08Okt.2026 13:42:32.963] [modloading-worker-0/ERROR] [net.neoforged.neoforge.common.OnlyInWarningsHandler/]: @OnlyIn used on class me.shedaniel.rei.plugin.client.exclusionzones.DefaultPotionEffectExclusionZones
[08Okt.2026 13:42:32.963] [modloading-worker-0/ERROR] [net.neoforged.neoforge.common.OnlyInWarningsHandler/]: @OnlyIn used on class me.shedaniel.rei.plugin.client.exclusionzones.DefaultRecipeBookExclusionZones
[08Okt.2026 13:42:32.963] [modloading-worker-0/ERROR] [net.neoforged.neoforge.common.OnlyInWarningsHandler/]: @OnlyIn used on method me.shedaniel.rei.plugin.common.displays.anvil.DefaultAnvilDisplay.calculateOutput(Lnet/minecraft/world/item/ItemStack;Lnet/minecraft/world/item/ItemStack;)Ljava/util/Optional;
[08Okt.2026 13:42:32.963] [modloading-worker-0/ERROR] [net.neoforged.neoforge.common.OnlyInWarningsHandler/]: @OnlyIn used on method me.shedaniel.rei.plugin.common.displays.crafting.MapExtendingCraftingDisplay.mapWithClient(Ljava/lang/String;II)Lme/shedaniel/rei/api/common/entry/EntryIngredient;
[08Okt.2026 13:42:32.963] [modloading-worker-0/ERROR] [net.neoforged.neoforge.common.OnlyInWarningsHandler/]: @OnlyIn used on method me.shedaniel.rei.plugin.common.displays.tag.TagNodes.requestTagData(Lnet/minecraft/resources/ResourceKey;Ljava/util/function/Consumer;)V
[08Okt.2026 13:42:33.016] [modloading-worker-0/INFO] [REI/]: [REI] Config loaded
[08Okt.2026 13:42:33.042] [modloading-worker-0/INFO] [REI/]: [REI] Registered plugin provider DefaultPluginImpl [roughlyenoughitems] for REICommonPlugin
[08Okt.2026 13:42:33.042] [modloading-worker-0/INFO] [REI/]: [REI] Registered plugin provider DefaultRuntimePlugin [roughlyenoughitems] for REICommonPlugin
[08Okt.2026 13:42:33.061] [modloading-worker-0/INFO] [REI/]: [REI] Registered plugin provider DefaultClientPluginImpl [roughlyenoughitems] for REIClientPlugin
[08Okt.2026 13:42:33.065] [modloading-worker-0/INFO] [REI/]: [REI] Registered plugin provider DefaultClientRuntimePlugin [roughlyenoughitems] for REIClientPlugin
[08Okt.2026 13:42:33.066] [modloading-worker-0/INFO] [REI/]: [REI] Registered plugin provider HideIngredientsFromTagsPlugin [roughlyenoughitems] for REIClientPlugin
[08Okt.2026 13:42:33.235] [Render thread/INFO] [com.mojang.authlib.yggdrasil.YggdrasilAuthenticationService/]: Environment: Environment[sessionHost=https://sessionserver.mojang.com, servicesHost=https://api.minecraftservices.com, profilesHost=https://api.mojang.com, name=PROD]
[08Okt.2026 13:42:33.248] [Render thread/INFO] [net.minecraft.client.Minecraft/]: Setting user: Dev
[08Okt.2026 13:42:33.311] [Render thread/INFO] [net.minecraft.client.Minecraft/]: Backend library: LWJGL version 3.4.1+2
[08Okt.2026 13:42:33.403] [Render thread/INFO] [net.minecraft.client.Minecraft/]: Using optional rendering extensions: GL_ARB_buffer_storage, GL_KHR_debug, GL_ARB_vertex_attrib_binding, GL_ARB_direct_state_access, GL_EXT_texture_filter_anisotropic
[08Okt.2026 13:42:33.725] [modloading-worker-0/INFO] [de.jomender.Jomender/]: HELLO FROM COMMON SETUP
[08Okt.2026 13:42:33.725] [modloading-worker-0/INFO] [de.jomender.Jomender/]: DIRT BLOCK >> minecraft:dirt
[08Okt.2026 13:42:33.759] [modloading-sync-worker/INFO] [snownee.jade.Jade/]: Start loading plugin from JomEnder: de.jomender.compat.jade.JomenderJadePlugin
[08Okt.2026 13:42:33.761] [modloading-sync-worker/INFO] [snownee.jade.Jade/]: de.jomender.compat.jade.JomenderJadePlugin loaded: 944.2 μs
[08Okt.2026 13:42:33.761] [modloading-sync-worker/INFO] [snownee.jade.Jade/]: Start loading plugin from Jade: snownee.jade.addon.access.AccessibilityPlugin
[08Okt.2026 13:42:33.765] [modloading-sync-worker/INFO] [snownee.jade.Jade/]: snownee.jade.addon.access.AccessibilityPlugin loaded: 3.217 ms
[08Okt.2026 13:42:33.765] [modloading-sync-worker/INFO] [snownee.jade.Jade/]: Start loading plugin from Jade: snownee.jade.addon.core.CorePlugin
[08Okt.2026 13:42:33.768] [modloading-sync-worker/INFO] [snownee.jade.Jade/]: snownee.jade.addon.core.CorePlugin loaded: 2.511 ms
[08Okt.2026 13:42:33.769] [modloading-sync-worker/INFO] [snownee.jade.Jade/]: Start loading plugin from Jade: snownee.jade.addon.debug.DebugPlugin
[08Okt.2026 13:42:33.770] [modloading-sync-worker/INFO] [snownee.jade.Jade/]: snownee.jade.addon.debug.DebugPlugin loaded: 1.602 ms
[08Okt.2026 13:42:33.771] [modloading-sync-worker/INFO] [snownee.jade.Jade/]: Start loading plugin from Jade: snownee.jade.addon.universal.UniversalPlugin
[08Okt.2026 13:42:33.779] [modloading-sync-worker/INFO] [snownee.jade.Jade/]: snownee.jade.addon.universal.UniversalPlugin loaded: 8.119 ms
[08Okt.2026 13:42:33.780] [modloading-sync-worker/INFO] [snownee.jade.Jade/]: Start loading plugin from Jade: snownee.jade.addon.vanilla.VanillaPlugin
[08Okt.2026 13:42:33.790] [modloading-sync-worker/INFO] [snownee.jade.Jade/]: snownee.jade.addon.vanilla.VanillaPlugin loaded: 9.520 ms
[08Okt.2026 13:42:33.881] [Render thread/INFO] [net.minecraft.server.packs.resources.ReloadableResourceManager/]: Reloading ResourceManager: vanilla, mod_resources, mod/jomender, mod/roughlyenoughitems, mod/cloth_config, mod/jade, mod/architectury, mod/neoforge
[08Okt.2026 13:42:33.926] [resourceLoad/INFO] [net.minecraft.client.gui.font.providers.UnihexProvider/]: Found unifont_all_no_pua-17.0.01.hex, loading
[08Okt.2026 13:42:33.936] [resourceLoad/INFO] [net.minecraft.client.gui.font.providers.UnihexProvider/]: Found unifont_pua-17.0.01.hex, loading
[08Okt.2026 13:42:34.026] [resourceLoad/INFO] [net.minecraft.client.gui.font.providers.UnihexProvider/]: Found unifont_jp_patch-17.0.01.hex, loading
[08Okt.2026 13:42:34.596] [Render thread/WARN] [com.mojang.blaze3d.opengl.GlProgram/]: neoforge:pipeline/item_cutout_unlit shader program does not use sampler Sampler2 defined in the pipeline. This might be a bug.
[08Okt.2026 13:42:34.621] [Render thread/WARN] [com.mojang.blaze3d.opengl.GlProgram/]: neoforge:pipeline/item_translucent_unlit shader program does not use sampler Sampler2 defined in the pipeline. This might be a bug.
[08Okt.2026 13:42:34.969] [Render thread/INFO] [com.mojang.blaze3d.audio.Library/]: OpenAL initialized on device OpenAL Soft on Lautsprecher (Realtek USB Audio)
[08Okt.2026 13:42:34.970] [Render thread/INFO] [net.minecraft.client.sounds.SoundEngine/SOUNDS]: Sound engine started
[08Okt.2026 13:42:34.971] [Render thread/INFO] [net.minecraft.client.renderer.texture.TextureAtlas/]: Created: 512x256x0 minecraft:textures/atlas/particles.png-atlas
[08Okt.2026 13:42:34.981] [Render thread/INFO] [net.minecraft.client.renderer.texture.TextureAtlas/]: Created: 128x128x0 minecraft:textures/atlas/decorated_pot.png-atlas
[08Okt.2026 13:42:34.983] [Render thread/INFO] [net.minecraft.client.renderer.texture.TextureAtlas/]: Created: 2048x1024x0 minecraft:textures/atlas/armor_trims.png-atlas
[08Okt.2026 13:42:34.994] [Render thread/INFO] [net.minecraft.client.renderer.texture.TextureAtlas/]: Created: 512x256x0 minecraft:textures/atlas/paintings.png-atlas
[08Okt.2026 13:42:35.000] [Render thread/INFO] [net.minecraft.client.renderer.texture.TextureAtlas/]: Created: 1024x512x0 minecraft:textures/atlas/shield_patterns.png-atlas
[08Okt.2026 13:42:35.001] [Render thread/INFO] [net.minecraft.client.renderer.texture.TextureAtlas/]: Created: 2048x2048x4 minecraft:textures/atlas/blocks.png-atlas
[08Okt.2026 13:42:35.040] [Render thread/INFO] [net.minecraft.client.renderer.texture.TextureAtlas/]: Created: 512x512x0 minecraft:textures/atlas/chest.png-atlas
[08Okt.2026 13:42:35.053] [Render thread/INFO] [net.minecraft.client.renderer.texture.TextureAtlas/]: Created: 256x128x0 minecraft:textures/atlas/celestials.png-atlas
[08Okt.2026 13:42:35.053] [Render thread/INFO] [net.minecraft.client.renderer.texture.TextureAtlas/]: Created: 1024x512x0 minecraft:textures/atlas/banner_patterns.png-atlas
[08Okt.2026 13:42:35.055] [Render thread/INFO] [net.minecraft.client.renderer.texture.TextureAtlas/]: Created: 512x512x0 minecraft:textures/atlas/beds.png-atlas
[08Okt.2026 13:42:35.056] [Render thread/INFO] [net.minecraft.client.renderer.texture.TextureAtlas/]: Created: 1024x512x0 minecraft:textures/atlas/items.png-atlas
[08Okt.2026 13:42:35.065] [Render thread/INFO] [net.minecraft.client.renderer.texture.TextureAtlas/]: Created: 1024x1024x0 minecraft:textures/atlas/gui.png-atlas
[08Okt.2026 13:42:35.074] [Render thread/INFO] [net.minecraft.client.renderer.texture.TextureAtlas/]: Created: 128x64x0 minecraft:textures/atlas/map_decorations.png-atlas
[08Okt.2026 13:42:35.081] [Render thread/INFO] [net.minecraft.client.renderer.texture.TextureAtlas/]: Created: 512x256x0 minecraft:textures/atlas/signs.png-atlas
[08Okt.2026 13:42:35.081] [Render thread/INFO] [net.minecraft.client.renderer.texture.TextureAtlas/]: Created: 512x512x0 minecraft:textures/atlas/shulker_boxes.png-atlas
[08Okt.2026 13:42:35.142] [Render thread/INFO] [net.neoforged.neoforge.client.entity.animation.json.AnimationLoader/]: Loaded 0 entity animations
[08Okt.2026 13:42:41.718] [Render thread/INFO] [net.minecraft.world.item.crafting.RecipeManager/]: Loaded 1515 recipes
[08Okt.2026 13:42:41.724] [Render thread/INFO] [net.minecraft.advancements.AdvancementTree/]: Loaded 1617 advancements
[08Okt.2026 13:42:41.726] [Render thread/INFO] [net.neoforged.neoforge.common.crafting.RecipePriorityManager/]: Loaded 0 recipe priority overrides
[08Okt.2026 13:42:41.909] [Server thread/INFO] [net.minecraft.client.server.IntegratedServer/]: Starting integrated minecraft server version 26.1.2
[08Okt.2026 13:42:41.909] [Server thread/INFO] [net.minecraft.server.MinecraftServer/]: Generating keypair
[08Okt.2026 13:42:42.068] [Server thread/INFO] [net.minecraft.server.level.progress.LoggingLevelLoadListener/]: Loading 0 persistent chunks...
[08Okt.2026 13:42:42.069] [Server thread/INFO] [net.minecraft.server.level.progress.LoggingLevelLoadListener/]: Preparing spawn area: 16%
[08Okt.2026 13:42:42.079] [Server thread/INFO] [net.minecraft.server.MinecraftServer/]: Saving chunks for level 'ServerLevel[New World]'/minecraft:overworld
[08Okt.2026 13:42:42.093] [Server thread/INFO] [net.minecraft.server.MinecraftServer/]: Saving chunks for level 'ServerLevel[New World]'/minecraft:the_end
[08Okt.2026 13:42:42.100] [Server thread/INFO] [net.minecraft.server.MinecraftServer/]: Saving chunks for level 'ServerLevel[New World]'/minecraft:the_nether
[08Okt.2026 13:42:42.117] [Server thread/INFO] [net.minecraft.server.MinecraftServer/]: ThreadedAnvilChunkStorage (world): All chunks are saved
[08Okt.2026 13:42:42.117] [Server thread/INFO] [net.minecraft.server.MinecraftServer/]: ThreadedAnvilChunkStorage (DIM1): All chunks are saved
[08Okt.2026 13:42:42.117] [Server thread/INFO] [net.minecraft.server.MinecraftServer/]: ThreadedAnvilChunkStorage (DIM-1): All chunks are saved
[08Okt.2026 13:42:42.117] [Server thread/INFO] [net.minecraft.server.MinecraftServer/]: ThreadedAnvilChunkStorage: All dimensions are saved
[08Okt.2026 13:42:42.120] [Server thread/INFO] [net.neoforged.neoforge.server.permission.PermissionAPI/]: Successfully initialized permission handler neoforge:default_handler
[08Okt.2026 13:42:42.120] [Server thread/INFO] [de.jomender.Jomender/]: Initializing Jomender Mod
[08Okt.2026 13:42:42.386] [Server thread/INFO] [net.minecraft.server.level.progress.LoggingLevelLoadListener/]: Loading 49 chunks for player spawn...
[08Okt.2026 13:42:42.571] [Server thread/INFO] [net.minecraft.server.level.progress.LoggingLevelLoadListener/]: Preparing spawn area: 18%
[08Okt.2026 13:42:42.621] [Server thread/INFO] [net.minecraft.server.level.progress.LoggingLevelLoadListener/]: Time elapsed: 553 ms
[08Okt.2026 13:42:42.855] [Server thread/INFO] [net.minecraft.server.players.PlayerList/]: Dev[local:E:6d81faff] logged in with entity id 18 at (22.667736550004186, -47.0, -4.348124276768038)
[08Okt.2026 13:42:42.884] [Server thread/INFO] [net.minecraft.server.MinecraftServer/]: Dev joined the game
[08Okt.2026 13:42:42.953] [Server thread/INFO] [net.minecraft.client.server.IntegratedServer/]: Changing view distance to 16, from 10
[08Okt.2026 13:42:42.955] [Server thread/INFO] [net.minecraft.client.server.IntegratedServer/]: Changing simulation distance to 12, from 0
[08Okt.2026 13:42:42.964] [Render thread/WARN] [REI/]: [REI] Found 1 existing reload task(s) after trying to terminate them!
[08Okt.2026 13:42:42.973] [Render thread/WARN] [net.minecraft.client.multiplayer.ClientPacketListener/]: Ignoring chat session from Dev due to missing Services public key
[08Okt.2026 13:42:42.973] [REI-ReloadPlugins/INFO] [REI/]: [REI] ~~~~~~~~~~~~~~~~~~~~~~~~~~~~~~~~~~~~~~~~
[08Okt.2026 13:42:42.974] [REI-ReloadPlugins/INFO] [REI/]: [REI] REICommonPlugin starting main-reload for START.
[08Okt.2026 13:42:42.974] [REI-ReloadPlugins/INFO] [REI/]: [REI] Plugins (2):
[08Okt.2026 13:42:42.974] [REI-ReloadPlugins/INFO] [REI/]: [REI]  - (-100,00) DefaultPluginImpl of DefaultPluginImpl [roughlyenoughitems]
[08Okt.2026 13:42:42.974] [REI-ReloadPlugins/INFO] [REI/]: [REI]  - (0,00) DefaultRuntimePlugin of DefaultRuntimePlugin [roughlyenoughitems]
[08Okt.2026 13:42:42.974] [REI-ReloadPlugins/INFO] [REI/]: [REI] ~~~~~~~~~~~~~~~~~~~~~~~~~~~~~~~~~~~~~~~~
[08Okt.2026 13:42:42.976] [Render thread/INFO] [net.minecraft.advancements.AdvancementTree/]: Loaded 66 advancements
[08Okt.2026 13:42:42.992] [Render thread/INFO] [snownee.jade.Jade/]: Received config from the server: {}
[08Okt.2026 13:42:43.017] [Render thread/INFO] [net.minecraft.client.renderer.DynamicUniformStorage/]: Resizing Dynamic Transforms UBO, capacity limit of 2 reached during a single frame. New capacity will be 4.
[08Okt.2026 13:42:43.018] [REI-ReloadPlugins/INFO] [REI/]: [REI] ~~~~~~~~~~~~~~~~~~~~~~~~~~~~~~~~~~~~~~~~
[08Okt.2026 13:42:43.018] [REI-ReloadPlugins/INFO] [REI/]: [REI] REIClientPlugin starting main-reload for START.
[08Okt.2026 13:42:43.018] [REI-ReloadPlugins/INFO] [REI/]: [REI] Plugins (3):
[08Okt.2026 13:42:43.019] [REI-ReloadPlugins/INFO] [REI/]: [REI]  - (-100,00) DefaultClientPluginImpl of DefaultClientPluginImpl [roughlyenoughitems]
[08Okt.2026 13:42:43.019] [REI-ReloadPlugins/INFO] [REI/]: [REI]  - (0,00) HideIngredientsFromTagsPlugin of HideIngredientsFromTagsPlugin [roughlyenoughitems]
[08Okt.2026 13:42:43.019] [REI-ReloadPlugins/INFO] [REI/]: [REI]  - (0,00) DefaultClientRuntimePlugin of DefaultClientRuntimePlugin [roughlyenoughitems]
[08Okt.2026 13:42:43.019] [REI-ReloadPlugins/INFO] [REI/]: [REI] ~~~~~~~~~~~~~~~~~~~~~~~~~~~~~~~~~~~~~~~~
[08Okt.2026 13:42:43.045] [Render thread/INFO] [net.minecraft.client.renderer.DynamicUniformStorage/]: Resizing Dynamic Transforms UBO, capacity limit of 4 reached during a single frame. New capacity will be 8.
[08Okt.2026 13:42:43.241] [REI-ReloadPlugins/INFO] [REI/]: [REI] REICommonPlugin finished post-reload for START in 667.6 μs, totaling 51.09 ms.
[08Okt.2026 13:42:43.246] [REI-ReloadPlugins/INFO] [REI/]: [REI] REIClientPlugin finished post-reload for START in 702.4 μs, totaling 223.7 ms.
[08Okt.2026 13:42:43.249] [REI-ReloadPlugins/INFO] [REI/]: [REI] ########################################
[08Okt.2026 13:42:43.249] [REI-ReloadPlugins/INFO] [REI/]: [REI] REICommonPlugin starting main-reload for END.
[08Okt.2026 13:42:43.250] [REI-ReloadPlugins/INFO] [REI/]: [REI] Plugins (2):
[08Okt.2026 13:42:43.250] [REI-ReloadPlugins/INFO] [REI/]: [REI]  - (-100,00) DefaultPluginImpl of DefaultPluginImpl [roughlyenoughitems]
[08Okt.2026 13:42:43.250] [REI-ReloadPlugins/INFO] [REI/]: [REI]  - (0,00) DefaultRuntimePlugin of DefaultRuntimePlugin [roughlyenoughitems]
[08Okt.2026 13:42:43.250] [REI-ReloadPlugins/INFO] [REI/]: [REI] ########################################
[08Okt.2026 13:42:43.264] [Render thread/INFO] [net.minecraft.client.renderer.DynamicUniformStorage/]: Resizing Dynamic Transforms UBO, capacity limit of 8 reached during a single frame. New capacity will be 16.
[08Okt.2026 13:42:43.291] [Render thread/INFO] [net.minecraft.client.renderer.DynamicUniformStorage/]: Resizing Chunk Sections UBO, capacity limit of 2 reached during a single frame. New capacity will be 32.
[08Okt.2026 13:42:43.299] [REI-ReloadPlugins/INFO] [REI/]: [REI] ########################################
[08Okt.2026 13:42:43.299] [REI-ReloadPlugins/INFO] [REI/]: [REI] REIClientPlugin starting main-reload for END.
[08Okt.2026 13:42:43.300] [REI-ReloadPlugins/INFO] [REI/]: [REI] Plugins (3):
[08Okt.2026 13:42:43.300] [REI-ReloadPlugins/INFO] [REI/]: [REI]  - (-100,00) DefaultClientPluginImpl of DefaultClientPluginImpl [roughlyenoughitems]
[08Okt.2026 13:42:43.300] [REI-ReloadPlugins/INFO] [REI/]: [REI]  - (0,00) HideIngredientsFromTagsPlugin of HideIngredientsFromTagsPlugin [roughlyenoughitems]
[08Okt.2026 13:42:43.300] [REI-ReloadPlugins/INFO] [REI/]: [REI]  - (0,00) DefaultClientRuntimePlugin of DefaultClientRuntimePlugin [roughlyenoughitems]
[08Okt.2026 13:42:43.300] [REI-ReloadPlugins/INFO] [REI/]: [REI] ########################################
[08Okt.2026 13:42:43.441] [Render thread/INFO] [net.minecraft.client.renderer.DynamicUniformStorage/]: Resizing Chunk Sections UBO, capacity limit of 32 reached during a single frame. New capacity will be 64.
[08Okt.2026 13:42:43.490] [Render thread/INFO] [net.minecraft.client.renderer.DynamicUniformStorage/]: Resizing Chunk Sections UBO, capacity limit of 64 reached during a single frame. New capacity will be 128.
[08Okt.2026 13:42:43.600] [REI-ReloadPlugins/INFO] [REI/]: [REI] REICommonPlugin finished post-reload for END in 255.2 μs, totaling 50.23 ms.
[08Okt.2026 13:42:43.602] [REI-ReloadPlugins/INFO] [REI/]: [REI] REIClientPlugin finished post-reload for END in 1.465 ms, totaling 302.5 ms.
[08Okt.2026 13:42:43.652] [Render thread/INFO] [net.minecraft.client.renderer.DynamicUniformStorage/]: Resizing Chunk Sections UBO, capacity limit of 128 reached during a single frame. New capacity will be 256.
[08Okt.2026 13:42:44.013] [Render thread/INFO] [net.minecraft.client.renderer.DynamicUniformStorage/]: Resizing Chunk Sections UBO, capacity limit of 256 reached during a single frame. New capacity will be 512.
[08Okt.2026 13:42:44.602] [Render thread/INFO] [REI/]: [REI] [REI Server Display Sync] Received server's request to set 1940 recipes.
[08Okt.2026 13:42:45.230] [Render thread/WARN] [REI/]: [REI] Detected runtime DisplayRegistry modification, this can be extremely dangerous!
[08Okt.2026 13:42:49.171] [Server thread/INFO] [net.minecraft.client.server.IntegratedServer/]: Saving and pausing game...
[08Okt.2026 13:42:49.180] [Server thread/INFO] [net.minecraft.server.MinecraftServer/]: Saving chunks for level 'ServerLevel[New World]'/minecraft:overworld
[08Okt.2026 13:42:49.189] [Server thread/INFO] [net.minecraft.server.MinecraftServer/]: Saving chunks for level 'ServerLevel[New World]'/minecraft:the_end
[08Okt.2026 13:42:49.190] [Server thread/INFO] [net.minecraft.server.MinecraftServer/]: Saving chunks for level 'ServerLevel[New World]'/minecraft:the_nether
[08Okt.2026 13:42:51.392] [Render thread/INFO] [net.minecraft.client.Minecraft/]: Stopping!
[08Okt.2026 13:42:51.421] [Server thread/INFO] [net.minecraft.server.MinecraftServer/]: Stopping server
[08Okt.2026 13:42:51.421] [Server thread/INFO] [net.minecraft.server.MinecraftServer/]: Saving players
[08Okt.2026 13:42:51.429] [Server thread/INFO] [net.minecraft.server.network.ServerGamePacketListenerImpl/]: Dev lost connection: Disconnected
[08Okt.2026 13:42:51.429] [Server thread/INFO] [net.minecraft.server.MinecraftServer/]: Dev left the game
[08Okt.2026 13:42:51.435] [Server thread/INFO] [net.minecraft.server.network.ServerCommonPacketListenerImpl/]: Stopping singleplayer server as player logged out
[08Okt.2026 13:42:51.436] [Server thread/INFO] [net.minecraft.server.MinecraftServer/]: Saving worlds
[08Okt.2026 13:42:51.501] [Server thread/INFO] [net.minecraft.server.MinecraftServer/]: Saving chunks for level 'ServerLevel[New World]'/minecraft:overworld
[08Okt.2026 13:42:51.538] [Server thread/INFO] [net.minecraft.server.MinecraftServer/]: Saving chunks for level 'ServerLevel[New World]'/minecraft:the_end
[08Okt.2026 13:42:51.546] [Server thread/INFO] [net.minecraft.server.MinecraftServer/]: Saving chunks for level 'ServerLevel[New World]'/minecraft:the_nether
[08Okt.2026 13:42:51.556] [Server thread/INFO] [net.minecraft.server.MinecraftServer/]: ThreadedAnvilChunkStorage (world): All chunks are saved
[08Okt.2026 13:42:51.556] [Server thread/INFO] [net.minecraft.server.MinecraftServer/]: ThreadedAnvilChunkStorage (DIM1): All chunks are saved
[08Okt.2026 13:42:51.556] [Server thread/INFO] [net.minecraft.server.MinecraftServer/]: ThreadedAnvilChunkStorage (DIM-1): All chunks are saved
[08Okt.2026 13:42:51.556] [Server thread/INFO] [net.minecraft.server.MinecraftServer/]: ThreadedAnvilChunkStorage: All dimensions are saved
